Drill report for WalkieTalkie.kicad_pcb
Created on 2026-07-25T17:27:04

Copper Layer Stackup:
    =============================================================
    L1 :  F.Cu                      front
    L2 :  B.Cu                      back


Drill file 'WalkieTalkie-PTH.drl' contains
    plated through holes:
    =============================================================
    T1  0.700mm  0.0276"  (3 holes))
    T2  0.750mm  0.0295"  (2 holes))
    T3  0.800mm  0.0315"  (4 holes)  (with 4 slots)
    T4  0.850mm  0.0335"  (8 holes))

    Total plated holes count 17


Drill file 'WalkieTalkie-NPTH.drl' contains
    unplated through holes:
    =============================================================
    T1  2.000mm  0.0787"  (3 holes))
    T2  2.200mm  0.0866"  (8 holes))

    Total unplated holes count 11
